// Jest Snapshot v1, https://goo.gl/fbAQLP

exports[`Counter Component counter snapshot renders 1`] = `null`;
