// Jest Snapshot v1, https://goo.gl/fbAQLP

exports[`Todos Component todos snapshot renders 1`] = `null`;
