// Jest Snapshot v1, https://goo.gl/fbAQLP

exports[`ReactSandboxApp Component snapshot renders 1`] = `null`;
